GEDCOM Import Log - 15 Feb 2005

    File:         C:\Documents and Settings\Owner\My Documents\A1cem\Cheryl\chatfield.GED (7 OCT 2003)
    Created by:   AncestQuest Ancestry Family Tree 3.0
    Submitted by: <UNKNOWN>
    Individuals:  6443
    Marriages:    2164
    Sources:      0
    Repositories: 0
    Errors:       0

WARNING: chatfield.GED, line 1779: Can't determine the sex of individual 'I138'.

WARNING: chatfield.GED, line 18112: Can't determine the sex of individual 'I1461'.

WARNING: chatfield.GED, line 21030: Can't determine the sex of individual 'I1787'.

WARNING: chatfield.GED, line 24349: Can't determine the sex of individual 'I2233'.

WARNING: chatfield.GED, line 27610: Can't determine the sex of individual 'I2566'.

WARNING: chatfield.GED, line 30524: Can't determine the sex of individual 'I2929'.

WARNING: chatfield.GED, line 30536: Can't determine the sex of individual 'I2931'.

WARNING: chatfield.GED, line 30689: Can't determine the sex of individual 'I2953'.

WARNING: chatfield.GED, line 30697: Can't determine the sex of individual 'I2954'.

WARNING: chatfield.GED, line 30705: Can't determine the sex of individual 'I2955'.

WARNING: chatfield.GED, line 33891: Can't determine the sex of individual 'I3322'.

WARNING: chatfield.GED, line 33900: Can't determine the sex of individual 'I3323'.

WARNING: chatfield.GED, line 35599: Can't determine the sex of individual 'I3496'.

WARNING: chatfield.GED, line 37723: Can't determine the sex of individual 'I3733'.

WARNING: chatfield.GED, line 41936: Can't determine the sex of individual 'I4135'.

WARNING: chatfield.GED, line 43310: Can't determine the sex of individual 'I4256'.

WARNING: chatfield.GED, line 43313: Can't determine the sex of individual 'I4257'.

WARNING: chatfield.GED, line 43316: Can't determine the sex of individual 'I4258'.

WARNING: chatfield.GED, line 44074: Can't determine the sex of individual 'I4375'.

WARNING: chatfield.GED, line 49871: Can't determine the sex of individual 'I4930'.

WARNING: chatfield.GED, line 54706: Can't determine the sex of individual 'I5427'.

WARNING: chatfield.GED, line 54734: Can't determine the sex of individual 'I5430'.

WARNING: chatfield.GED, line 54751: Can't determine the sex of individual 'I5432'.

WARNING: chatfield.GED, line 54754: Can't determine the sex of individual 'I5433'.

WARNING: chatfield.GED, line 54905: Can't determine the sex of individual 'I5449'.

WARNING: chatfield.GED, line 54921: Can't determine the sex of individual 'I5453'.

WARNING: chatfield.GED, line 54924: Can't determine the sex of individual 'I5454'.

WARNING: chatfield.GED, line 54927: Can't determine the sex of individual 'I5455'.

WARNING: chatfield.GED, line 54930: Can't determine the sex of individual 'I5456'.

WARNING: chatfield.GED, line 54933: Can't determine the sex of individual 'I5457'.

WARNING: chatfield.GED, line 54940: Can't determine the sex of individual 'I5459'.

WARNING: chatfield.GED, line 54947: Can't determine the sex of individual 'I5461'.

WARNING: chatfield.GED, line 54950: Can't determine the sex of individual 'I5462'.

WARNING: chatfield.GED, line 54967: Can't determine the sex of individual 'I5466'.

WARNING: chatfield.GED, line 54970: Can't determine the sex of individual 'I5467'.

WARNING: chatfield.GED, line 54973: Can't determine the sex of individual 'I5468'.

WARNING: chatfield.GED, line 54976: Can't determine the sex of individual 'I5469'.

WARNING: chatfield.GED, line 55219: Can't determine the sex of individual 'I5487'.

WARNING: chatfield.GED, line 55226: Can't determine the sex of individual 'I5489'.

WARNING: chatfield.GED, line 55233: Can't determine the sex of individual 'I5491'.

WARNING: chatfield.GED, line 55236: Can't determine the sex of individual 'I5492'.

WARNING: chatfield.GED, line 55311: Can't determine the sex of individual 'I5499'.

WARNING: chatfield.GED, line 55314: Can't determine the sex of individual 'I5500'.

WARNING: chatfield.GED, line 55514: Can't determine the sex of individual 'I5519'.

WARNING: chatfield.GED, line 55569: Can't determine the sex of individual 'I5526'.

WARNING: chatfield.GED, line 55581: Can't determine the sex of individual 'I5529'.

WARNING: chatfield.GED, line 55584: Can't determine the sex of individual 'I5530'.

WARNING: chatfield.GED, line 55605: Can't determine the sex of individual 'I5535'.

WARNING: chatfield.GED, line 55616: Can't determine the sex of individual 'I5538'.

WARNING: chatfield.GED, line 55623: Can't determine the sex of individual 'I5540'.

WARNING: chatfield.GED, line 55626: Can't determine the sex of individual 'I5541'.

WARNING: chatfield.GED, line 55629: Can't determine the sex of individual 'I5542'.

WARNING: chatfield.GED, line 55636: Can't determine the sex of individual 'I5544'.

WARNING: chatfield.GED, line 55667: Can't determine the sex of individual 'I5550'.

WARNING: chatfield.GED, line 8598: Can't determine the sex of individual 'I691'.

